---
source: crates/recite-compiler/tests/../../../tests/support/fixtures.rs
assertion_line: 12
expression: actual
---
diagnostics:
- code: RECITE_VALIDATE005
  severity: Error
  message: project must declare exactly one default block
  file: fixtures/recite/invalid/compiler_validation_order.recite
  line: 1
  column: 1
  help: mark one block header with `default`
- code: RECITE_ID001
  severity: Error
  message: line header must include a stable line id
  file: fixtures/recite/invalid/compiler_validation_order.recite
  line: 4
  column: 3
  help: add a stable author-visible ID to the line header
- code: RECITE_VALIDATE014
  severity: Error
  message: choice `ec6cbb162e05a98546b6` contains a nested line statement that v0 compiled choices cannot represent
  file: fixtures/recite/invalid/compiler_validation_order.recite
  line: 4
  column: 3
  related:
  - message: choice containing the unsupported nested statement is here
    file: fixtures/recite/invalid/compiler_validation_order.recite
    line: 2
    column: 1
  help: keep choice bodies to text and one target divert for v0 compiled assets
- code: RECITE_VALIDATE007
  severity: Error
  message: unknown block reference `missing_target`
  file: fixtures/recite/invalid/compiler_validation_order.recite
  line: 6
  column: 3
- code: RECITE_ID004
  severity: Error
  message: duplicate localisable id `2ab0264c57c2fd1a7929` on choice
  file: fixtures/recite/invalid/compiler_validation_order.recite
  line: 9
  column: 1
  related:
  - message: first localisable ID is here
    file: fixtures/recite/invalid/compiler_validation_order.recite
    line: 7
    column: 1
  help: rename one of the duplicate localisable IDs
