---
source: crates/recite-parser/tests/../../../tests/support/fixtures.rs
assertion_line: 12
expression: actual
---
source_file: fixtures/recite/valid/core_language_spike.recite
blocks:
- block start default=true speaker=narrator metadata=[]
  - comment "scene opener" @ 2:1
  - line intro_001@637b1854a7f3ed42f045 speaker=hazel text="Welcome to the fixture." metadata=[mood, mood]
    - choice ask_work@b84cc9fa241a33bcdf05 text="Ask about work." target=work metadata=[]
  - if trusts(player)
    then:
      - line secret_001@75bfa2976ec9548f608a speaker=<none> text="I can tell you." metadata=[]
  - effect Deferred advance_thread(start, asked)
  - divert END
- block work default=false speaker=<none> metadata=[]
  - line work_001@2119548317bb586e3865 speaker=<none> text="Work waits." metadata=[]
  - divert END
